pb_prep.c:50:5: warning: ‘hal_float_t’ is deprecated: Use getter/setter API [-Wdeprecated-declarations]
   50 |     hal_float_t *r1_p;
      |     ^~~~~~~~~~~
pb_prep.c:51:5: warning: ‘hal_float_t’ is deprecated: Use getter/setter API [-Wdeprecated-declarations]
   51 |     hal_float_t *r2_p;
      |     ^~~~~~~~~~~
pb_prep.c:52:5: warning: ‘hal_float_t’ is deprecated: Use getter/setter API [-Wdeprecated-declarations]
   52 |     hal_float_t *pid1_out_p;
      |     ^~~~~~~~~~~
pb_prep.c:53:5: warning: ‘hal_float_t’ is deprecated: Use getter/setter API [-Wdeprecated-declarations]
   53 |     hal_float_t *pid2_out_p;
      |     ^~~~~~~~~~~
pb_prep.c:54:5: warning: ‘hal_float_t’ is deprecated: Use getter/setter API [-Wdeprecated-declarations]
   54 |     hal_float_t *pid1_ref_p;
      |     ^~~~~~~~~~~
pb_prep.c:55:5: warning: ‘hal_float_t’ is deprecated: Use getter/setter API [-Wdeprecated-declarations]
   55 |     hal_float_t *pid2_ref_p;
      |     ^~~~~~~~~~~
pb_prep.c:56:5: warning: ‘hal_float_t’ is deprecated: Use getter/setter API [-Wdeprecated-declarations]
   56 |     hal_float_t *y1_p;
      |     ^~~~~~~~~~~
pb_prep.c:57:5: warning: ‘hal_float_t’ is deprecated: Use getter/setter API [-Wdeprecated-declarations]
   57 |     hal_float_t *y2_p;
      |     ^~~~~~~~~~~
pb_prep.c:58:5: warning: ‘hal_float_t’ is deprecated: Use getter/setter API [-Wdeprecated-declarations]
   58 |     hal_float_t *corr_req_p;
      |     ^~~~~~~~~~~
pb_prep.c:59:5: warning: ‘hal_float_t’ is deprecated: Use getter/setter API [-Wdeprecated-declarations]
   59 |     hal_float_t *corr_applied_p;
      |     ^~~~~~~~~~~
pb_prep.c:60:5: warning: ‘hal_float_t’ is deprecated: Use getter/setter API [-Wdeprecated-declarations]
   60 |     hal_float_t *final1_p;
      |     ^~~~~~~~~~~
pb_prep.c:61:5: warning: ‘hal_float_t’ is deprecated: Use getter/setter API [-Wdeprecated-declarations]
   61 |     hal_float_t *final2_p;
      |     ^~~~~~~~~~~
pb_prep.c:62:5: warning: ‘hal_bit_t’ is deprecated: Use getter/setter API [-Wdeprecated-declarations]
   62 |     hal_bit_t *final1_sat_p;
      |     ^~~~~~~~~
pb_prep.c:63:5: warning: ‘hal_bit_t’ is deprecated: Use getter/setter API [-Wdeprecated-declarations]
   63 |     hal_bit_t *final2_sat_p;
      |     ^~~~~~~~~
pb_prep.c:64:5: warning: ‘hal_s32_t’ is deprecated: Use getter/setter API [-Wdeprecated-declarations]
   64 |     hal_s32_t *cycle_p;
      |     ^~~~~~~~~
pb_prep.c:65:5: warning: ‘hal_s32_t’ is deprecated: Use getter/setter API [-Wdeprecated-declarations]
   65 |     hal_s32_t *phase_p;
      |     ^~~~~~~~~
pb_prep.c:66:5: warning: ‘hal_u32_t’ is deprecated: Use getter/setter API [-Wdeprecated-declarations]
   66 |     hal_u32_t architecture_p;
      |     ^~~~~~~~~
pb_prep.c:67:5: warning: ‘hal_bit_t’ is deprecated: Use getter/setter API [-Wdeprecated-declarations]
   67 |     hal_bit_t run_p;
      |     ^~~~~~~~~
pb_prep.c:68:5: warning: ‘hal_float_t’ is deprecated: Use getter/setter API [-Wdeprecated-declarations]
   68 |     hal_float_t sync_gain_p;
      |     ^~~~~~~~~~~
pb_prep.c:69:5: warning: ‘hal_float_t’ is deprecated: Use getter/setter API [-Wdeprecated-declarations]
   69 |     hal_float_t diff_max_p;
      |     ^~~~~~~~~~~
pb_prep.c:70:5: warning: ‘hal_float_t’ is deprecated: Use getter/setter API [-Wdeprecated-declarations]
   70 |     hal_float_t u_max_p;
      |     ^~~~~~~~~~~
pb_prep.c:71:5: warning: ‘hal_float_t’ is deprecated: Use getter/setter API [-Wdeprecated-declarations]
   71 |     hal_float_t plant_alpha_p;
      |     ^~~~~~~~~~~
pb_prep.c:72:5: warning: ‘hal_float_t’ is deprecated: Use getter/setter API [-Wdeprecated-declarations]
   72 |     hal_float_t plant_gain1_p;
      |     ^~~~~~~~~~~
pb_prep.c:73:5: warning: ‘hal_float_t’ is deprecated: Use getter/setter API [-Wdeprecated-declarations]
   73 |     hal_float_t plant_gain2_p;
      |     ^~~~~~~~~~~
pb_prep.c:74:5: warning: ‘hal_float_t’ is deprecated: Use getter/setter API [-Wdeprecated-declarations]
   74 |     hal_float_t initial_delta_p;
      |     ^~~~~~~~~~~
pb_prep.c:75:5: warning: ‘hal_float_t’ is deprecated: Use getter/setter API [-Wdeprecated-declarations]
   75 |     hal_float_t c_pgain_p;
      |     ^~~~~~~~~~~
pb_prep.c: In function ‘export’:
pb_prep.c:98:5: warning: ‘hal_pin_float_newf’ is deprecated: Use hal_pin_new_real() [-Wdeprecated-declarations]
   98 |     r = hal_pin_float_newf(HAL_IN, &(inst->r1_p), comp_id,
      |     ^
In file included from pb_prep.c:9:
/home/runner/work/_temp/linuxcnc-pb-prep-001/include/hal.h:693:12: note: declared here
  693 | extern int hal_pin_float_newf(hal_pin_dir_t dir,
      |            ^~~~~~~~~~~~~~~~~~
pb_prep.c:101:5: warning: ‘hal_pin_float_newf’ is deprecated: Use hal_pin_new_real() [-Wdeprecated-declarations]
  101 |     r = hal_pin_float_newf(HAL_IN, &(inst->r2_p), comp_id,
      |     ^
/home/runner/work/_temp/linuxcnc-pb-prep-001/include/hal.h:693:12: note: declared here
  693 | extern int hal_pin_float_newf(hal_pin_dir_t dir,
      |            ^~~~~~~~~~~~~~~~~~
pb_prep.c:104:5: warning: ‘hal_pin_float_newf’ is deprecated: Use hal_pin_new_real() [-Wdeprecated-declarations]
  104 |     r = hal_pin_float_newf(HAL_IN, &(inst->pid1_out_p), comp_id,
      |     ^
/home/runner/work/_temp/linuxcnc-pb-prep-001/include/hal.h:693:12: note: declared here
  693 | extern int hal_pin_float_newf(hal_pin_dir_t dir,
      |            ^~~~~~~~~~~~~~~~~~
pb_prep.c:107:5: warning: ‘hal_pin_float_newf’ is deprecated: Use hal_pin_new_real() [-Wdeprecated-declarations]
  107 |     r = hal_pin_float_newf(HAL_IN, &(inst->pid2_out_p), comp_id,
      |     ^
/home/runner/work/_temp/linuxcnc-pb-prep-001/include/hal.h:693:12: note: declared here
  693 | extern int hal_pin_float_newf(hal_pin_dir_t dir,
      |            ^~~~~~~~~~~~~~~~~~
pb_prep.c:110:5: warning: ‘hal_pin_float_newf’ is deprecated: Use hal_pin_new_real() [-Wdeprecated-declarations]
  110 |     r = hal_pin_float_newf(HAL_OUT, &(inst->pid1_ref_p), comp_id,
      |     ^
/home/runner/work/_temp/linuxcnc-pb-prep-001/include/hal.h:693:12: note: declared here
  693 | extern int hal_pin_float_newf(hal_pin_dir_t dir,
      |            ^~~~~~~~~~~~~~~~~~
pb_prep.c:113:5: warning: ‘hal_pin_float_newf’ is deprecated: Use hal_pin_new_real() [-Wdeprecated-declarations]
  113 |     r = hal_pin_float_newf(HAL_OUT, &(inst->pid2_ref_p), comp_id,
      |     ^
/home/runner/work/_temp/linuxcnc-pb-prep-001/include/hal.h:693:12: note: declared here
  693 | extern int hal_pin_float_newf(hal_pin_dir_t dir,
      |            ^~~~~~~~~~~~~~~~~~
pb_prep.c:116:5: warning: ‘hal_pin_float_newf’ is deprecated: Use hal_pin_new_real() [-Wdeprecated-declarations]
  116 |     r = hal_pin_float_newf(HAL_OUT, &(inst->y1_p), comp_id,
      |     ^
/home/runner/work/_temp/linuxcnc-pb-prep-001/include/hal.h:693:12: note: declared here
  693 | extern int hal_pin_float_newf(hal_pin_dir_t dir,
      |            ^~~~~~~~~~~~~~~~~~
pb_prep.c:119:5: warning: ‘hal_pin_float_newf’ is deprecated: Use hal_pin_new_real() [-Wdeprecated-declarations]
  119 |     r = hal_pin_float_newf(HAL_OUT, &(inst->y2_p), comp_id,
      |     ^
/home/runner/work/_temp/linuxcnc-pb-prep-001/include/hal.h:693:12: note: declared here
  693 | extern int hal_pin_float_newf(hal_pin_dir_t dir,
      |            ^~~~~~~~~~~~~~~~~~
pb_prep.c:122:5: warning: ‘hal_pin_float_newf’ is deprecated: Use hal_pin_new_real() [-Wdeprecated-declarations]
  122 |     r = hal_pin_float_newf(HAL_OUT, &(inst->corr_req_p), comp_id,
      |     ^
/home/runner/work/_temp/linuxcnc-pb-prep-001/include/hal.h:693:12: note: declared here
  693 | extern int hal_pin_float_newf(hal_pin_dir_t dir,
      |            ^~~~~~~~~~~~~~~~~~
pb_prep.c:125:5: warning: ‘hal_pin_float_newf’ is deprecated: Use hal_pin_new_real() [-Wdeprecated-declarations]
  125 |     r = hal_pin_float_newf(HAL_OUT, &(inst->corr_applied_p), comp_id,
      |     ^
/home/runner/work/_temp/linuxcnc-pb-prep-001/include/hal.h:693:12: note: declared here
  693 | extern int hal_pin_float_newf(hal_pin_dir_t dir,
      |            ^~~~~~~~~~~~~~~~~~
pb_prep.c:128:5: warning: ‘hal_pin_float_newf’ is deprecated: Use hal_pin_new_real() [-Wdeprecated-declarations]
  128 |     r = hal_pin_float_newf(HAL_OUT, &(inst->final1_p), comp_id,
      |     ^
/home/runner/work/_temp/linuxcnc-pb-prep-001/include/hal.h:693:12: note: declared here
  693 | extern int hal_pin_float_newf(hal_pin_dir_t dir,
      |            ^~~~~~~~~~~~~~~~~~
pb_prep.c:131:5: warning: ‘hal_pin_float_newf’ is deprecated: Use hal_pin_new_real() [-Wdeprecated-declarations]
  131 |     r = hal_pin_float_newf(HAL_OUT, &(inst->final2_p), comp_id,
      |     ^
/home/runner/work/_temp/linuxcnc-pb-prep-001/include/hal.h:693:12: note: declared here
  693 | extern int hal_pin_float_newf(hal_pin_dir_t dir,
      |            ^~~~~~~~~~~~~~~~~~
pb_prep.c:134:5: warning: ‘hal_pin_bit_newf’ is deprecated: Use hal_pin_new_bool() [-Wdeprecated-declarations]
  134 |     r = hal_pin_bit_newf(HAL_OUT, &(inst->final1_sat_p), comp_id,
      |     ^
/home/runner/work/_temp/linuxcnc-pb-prep-001/include/hal.h:690:12: note: declared here
  690 | extern int hal_pin_bit_newf(hal_pin_dir_t dir,
      |            ^~~~~~~~~~~~~~~~
pb_prep.c:137:5: warning: ‘hal_pin_bit_newf’ is deprecated: Use hal_pin_new_bool() [-Wdeprecated-declarations]
  137 |     r = hal_pin_bit_newf(HAL_OUT, &(inst->final2_sat_p), comp_id,
      |     ^
/home/runner/work/_temp/linuxcnc-pb-prep-001/include/hal.h:690:12: note: declared here
  690 | extern int hal_pin_bit_newf(hal_pin_dir_t dir,
      |            ^~~~~~~~~~~~~~~~
pb_prep.c:140:5: warning: ‘hal_pin_s32_newf’ is deprecated: Use hal_pin_new_si32() [-Wdeprecated-declarations]
  140 |     r = hal_pin_s32_newf(HAL_OUT, &(inst->cycle_p), comp_id,
      |     ^
/home/runner/work/_temp/linuxcnc-pb-prep-001/include/hal.h:699:12: note: declared here
  699 | extern int hal_pin_s32_newf(hal_pin_dir_t dir,
      |            ^~~~~~~~~~~~~~~~
pb_prep.c:143:5: warning: ‘hal_pin_s32_newf’ is deprecated: Use hal_pin_new_si32() [-Wdeprecated-declarations]
  143 |     r = hal_pin_s32_newf(HAL_OUT, &(inst->phase_p), comp_id,
      |     ^
/home/runner/work/_temp/linuxcnc-pb-prep-001/include/hal.h:699:12: note: declared here
  699 | extern int hal_pin_s32_newf(hal_pin_dir_t dir,
      |            ^~~~~~~~~~~~~~~~
pb_prep.c:146:5: warning: ‘hal_param_u32_newf’ is deprecated: Use hal_param_new_ui32() [-Wdeprecated-declarations]
  146 |     r = hal_param_u32_newf(HAL_RW, &(inst->architecture_p), comp_id,
      |     ^
/home/runner/work/_temp/linuxcnc-pb-prep-001/include/hal.h:855:12: note: declared here
  855 | extern int hal_param_u32_newf(hal_param_dir_t dir,
      |            ^~~~~~~~~~~~~~~~~~
pb_prep.c:150:5: warning: ‘hal_param_bit_newf’ is deprecated: Use hal_param_new_bool() [-Wdeprecated-declarations]
  150 |     r = hal_param_bit_newf(HAL_RW, &(inst->run_p), comp_id,
      |     ^
/home/runner/work/_temp/linuxcnc-pb-prep-001/include/hal.h:849:12: note: declared here
  849 | extern int hal_param_bit_newf(hal_param_dir_t dir,
      |            ^~~~~~~~~~~~~~~~~~
pb_prep.c:154:5: warning: ‘hal_param_float_newf’ is deprecated: Use hal_param_new_real() [-Wdeprecated-declarations]
  154 |     r = hal_param_float_newf(HAL_RW, &(inst->sync_gain_p), comp_id,
      |     ^
/home/runner/work/_temp/linuxcnc-pb-prep-001/include/hal.h:852:12: note: declared here
  852 | extern int hal_param_float_newf(hal_param_dir_t dir,
      |            ^~~~~~~~~~~~~~~~~~~~
pb_prep.c:158:5: warning: ‘hal_param_float_newf’ is deprecated: Use hal_param_new_real() [-Wdeprecated-declarations]
  158 |     r = hal_param_float_newf(HAL_RW, &(inst->diff_max_p), comp_id,
      |     ^
/home/runner/work/_temp/linuxcnc-pb-prep-001/include/hal.h:852:12: note: declared here
  852 | extern int hal_param_float_newf(hal_param_dir_t dir,
      |            ^~~~~~~~~~~~~~~~~~~~
pb_prep.c:162:5: warning: ‘hal_param_float_newf’ is deprecated: Use hal_param_new_real() [-Wdeprecated-declarations]
  162 |     r = hal_param_float_newf(HAL_RW, &(inst->u_max_p), comp_id,
      |     ^
/home/runner/work/_temp/linuxcnc-pb-prep-001/include/hal.h:852:12: note: declared here
  852 | extern int hal_param_float_newf(hal_param_dir_t dir,
      |            ^~~~~~~~~~~~~~~~~~~~
pb_prep.c:166:5: warning: ‘hal_param_float_newf’ is deprecated: Use hal_param_new_real() [-Wdeprecated-declarations]
  166 |     r = hal_param_float_newf(HAL_RW, &(inst->plant_alpha_p), comp_id,
      |     ^
/home/runner/work/_temp/linuxcnc-pb-prep-001/include/hal.h:852:12: note: declared here
  852 | extern int hal_param_float_newf(hal_param_dir_t dir,
      |            ^~~~~~~~~~~~~~~~~~~~
pb_prep.c:170:5: warning: ‘hal_param_float_newf’ is deprecated: Use hal_param_new_real() [-Wdeprecated-declarations]
  170 |     r = hal_param_float_newf(HAL_RW, &(inst->plant_gain1_p), comp_id,
      |     ^
/home/runner/work/_temp/linuxcnc-pb-prep-001/include/hal.h:852:12: note: declared here
  852 | extern int hal_param_float_newf(hal_param_dir_t dir,
      |            ^~~~~~~~~~~~~~~~~~~~
pb_prep.c:174:5: warning: ‘hal_param_float_newf’ is deprecated: Use hal_param_new_real() [-Wdeprecated-declarations]
  174 |     r = hal_param_float_newf(HAL_RW, &(inst->plant_gain2_p), comp_id,
      |     ^
/home/runner/work/_temp/linuxcnc-pb-prep-001/include/hal.h:852:12: note: declared here
  852 | extern int hal_param_float_newf(hal_param_dir_t dir,
      |            ^~~~~~~~~~~~~~~~~~~~
pb_prep.c:178:5: warning: ‘hal_param_float_newf’ is deprecated: Use hal_param_new_real() [-Wdeprecated-declarations]
  178 |     r = hal_param_float_newf(HAL_RW, &(inst->initial_delta_p), comp_id,
      |     ^
/home/runner/work/_temp/linuxcnc-pb-prep-001/include/hal.h:852:12: note: declared here
  852 | extern int hal_param_float_newf(hal_param_dir_t dir,
      |            ^~~~~~~~~~~~~~~~~~~~
pb_prep.c:182:5: warning: ‘hal_param_float_newf’ is deprecated: Use hal_param_new_real() [-Wdeprecated-declarations]
  182 |     r = hal_param_float_newf(HAL_RW, &(inst->c_pgain_p), comp_id,
      |     ^
/home/runner/work/_temp/linuxcnc-pb-prep-001/include/hal.h:852:12: note: declared here
  852 | extern int hal_param_float_newf(hal_param_dir_t dir,
      |            ^~~~~~~~~~~~~~~~~~~~
In file included from /usr/include/features.h:502,
                 from /usr/include/spawn.h:22,
                 from /home/runner/work/_temp/linuxcnc-pb-prep-001/include/rtapi.h:974,
                 from pb_prep.c:2:
/usr/include/x86_64-linux-gnu/bits/mathcalls.h: At top level:
pb_prep.c:290:25: error: expected ‘)’ before ‘->’ token
  290 | #define y1 (*__comp_inst->y1_p)
      |                         ^~
/usr/include/x86_64-linux-gnu/bits/mathcalls.h:224:1: error: pasting "__" and "(" does not give a valid preprocessing token
  224 | __MATHCALL (y1,, (_Mdouble_));
      | ^~~~~~~~~~
pb_prep.c:290:13: error: expected declaration specifiers or ‘...’ before ‘*’ token
  290 | #define y1 (*__comp_inst->y1_p)
      |             ^
In file included from /tmp/pb_prep.comp:25:
pb_prep.c:290:25: error: expected ‘)’ before ‘->’ token
  290 | #define y1 (*__comp_inst->y1_p)
      |                         ^~
pb_prep.c:290:31: error: pasting ")" and "f" does not give a valid preprocessing token
  290 | #define y1 (*__comp_inst->y1_p)
      |                               ^
/usr/include/x86_64-linux-gnu/bits/mathcalls.h:224:1: error: pasting "__" and "(" does not give a valid preprocessing token
  224 | __MATHCALL (y1,, (_Mdouble_));
      | ^~~~~~~~~~
pb_prep.c:290:13: error: expected declaration specifiers or ‘...’ before ‘*’ token
  290 | #define y1 (*__comp_inst->y1_p)
      |             ^
pb_prep.c:290:31: error: pasting ")" and "f" does not give a valid preprocessing token
  290 | #define y1 (*__comp_inst->y1_p)
      |                               ^
pb_prep.c:290:25: error: expected ‘)’ before ‘->’ token
  290 | #define y1 (*__comp_inst->y1_p)
      |                         ^~
pb_prep.c:290:31: error: pasting ")" and "l" does not give a valid preprocessing token
  290 | #define y1 (*__comp_inst->y1_p)
      |                               ^
/usr/include/x86_64-linux-gnu/bits/mathcalls.h:224:1: error: pasting "__" and "(" does not give a valid preprocessing token
  224 | __MATHCALL (y1,, (_Mdouble_));
      | ^~~~~~~~~~
pb_prep.c:290:13: error: expected declaration specifiers or ‘...’ before ‘*’ token
  290 | #define y1 (*__comp_inst->y1_p)
      |             ^
pb_prep.c:290:31: error: pasting ")" and "l" does not give a valid preprocessing token
  290 | #define y1 (*__comp_inst->y1_p)
      |                               ^
pb_prep.c:290:25: error: expected ‘)’ before ‘->’ token
  290 | #define y1 (*__comp_inst->y1_p)
      |                         ^~
pb_prep.c:290:31: error: pasting ")" and "f32" does not give a valid preprocessing token
  290 | #define y1 (*__comp_inst->y1_p)
      |                               ^
/usr/include/x86_64-linux-gnu/bits/mathcalls.h:224:1: error: pasting "__" and "(" does not give a valid preprocessing token
  224 | __MATHCALL (y1,, (_Mdouble_));
      | ^~~~~~~~~~
pb_prep.c:290:13: error: expected declaration specifiers or ‘...’ before ‘*’ token
  290 | #define y1 (*__comp_inst->y1_p)
      |             ^
pb_prep.c:290:31: error: pasting ")" and "f32" does not give a valid preprocessing token
  290 | #define y1 (*__comp_inst->y1_p)
      |                               ^
pb_prep.c:290:25: error: expected ‘)’ before ‘->’ token
  290 | #define y1 (*__comp_inst->y1_p)
      |                         ^~
pb_prep.c:290:31: error: pasting ")" and "f64" does not give a valid preprocessing token
  290 | #define y1 (*__comp_inst->y1_p)
      |                               ^
/usr/include/x86_64-linux-gnu/bits/mathcalls.h:224:1: error: pasting "__" and "(" does not give a valid preprocessing token
  224 | __MATHCALL (y1,, (_Mdouble_));
      | ^~~~~~~~~~
pb_prep.c:290:13: error: expected declaration specifiers or ‘...’ before ‘*’ token
  290 | #define y1 (*__comp_inst->y1_p)
      |             ^
pb_prep.c:290:31: error: pasting ")" and "f64" does not give a valid preprocessing token
  290 | #define y1 (*__comp_inst->y1_p)
      |                               ^
pb_prep.c:290:25: error: expected ‘)’ before ‘->’ token
  290 | #define y1 (*__comp_inst->y1_p)
      |                         ^~
pb_prep.c:290:31: error: pasting ")" and "f128" does not give a valid preprocessing token
  290 | #define y1 (*__comp_inst->y1_p)
      |                               ^
/usr/include/x86_64-linux-gnu/bits/mathcalls.h:224:1: error: pasting "__" and "(" does not give a valid preprocessing token
  224 | __MATHCALL (y1,, (_Mdouble_));
      | ^~~~~~~~~~
pb_prep.c:290:13: error: expected declaration specifiers or ‘...’ before ‘*’ token
  290 | #define y1 (*__comp_inst->y1_p)
      |             ^
pb_prep.c:290:31: error: pasting ")" and "f128" does not give a valid preprocessing token
  290 | #define y1 (*__comp_inst->y1_p)
      |                               ^
pb_prep.c:290:25: error: expected ‘)’ before ‘->’ token
  290 | #define y1 (*__comp_inst->y1_p)
      |                         ^~
pb_prep.c:290:31: error: pasting ")" and "f32x" does not give a valid preprocessing token
  290 | #define y1 (*__comp_inst->y1_p)
      |                               ^
/usr/include/x86_64-linux-gnu/bits/mathcalls.h:224:1: error: pasting "__" and "(" does not give a valid preprocessing token
  224 | __MATHCALL (y1,, (_Mdouble_));
      | ^~~~~~~~~~
pb_prep.c:290:13: error: expected declaration specifiers or ‘...’ before ‘*’ token
  290 | #define y1 (*__comp_inst->y1_p)
      |             ^
pb_prep.c:290:31: error: pasting ")" and "f32x" does not give a valid preprocessing token
  290 | #define y1 (*__comp_inst->y1_p)
      |                               ^
pb_prep.c:290:25: error: expected ‘)’ before ‘->’ token
  290 | #define y1 (*__comp_inst->y1_p)
      |                         ^~
pb_prep.c:290:31: error: pasting ")" and "f64x" does not give a valid preprocessing token
  290 | #define y1 (*__comp_inst->y1_p)
      |                               ^
/usr/include/x86_64-linux-gnu/bits/mathcalls.h:224:1: error: pasting "__" and "(" does not give a valid preprocessing token
  224 | __MATHCALL (y1,, (_Mdouble_));
      | ^~~~~~~~~~
pb_prep.c:290:13: error: expected declaration specifiers or ‘...’ before ‘*’ token
  290 | #define y1 (*__comp_inst->y1_p)
      |             ^
pb_prep.c:290:31: error: pasting ")" and "f64x" does not give a valid preprocessing token
  290 | #define y1 (*__comp_inst->y1_p)
      |                               ^
/tmp/pb_prep.comp: In function ‘prepare’:
pb_prep.c:254:80: warning: unused parameter ‘period’ [-Wunused-parameter]
  254 | #define FUNCTION(name) static void name(struct __comp_state *__comp_inst, long period)
      |                                                                           ~~~~~^~~~~~
/tmp/pb_prep.comp:28:1: note: in expansion of macro ‘FUNCTION’
   28 | FUNCTION(prepare) {
      | ^~~~~~~~
/tmp/pb_prep.comp: In function ‘finish’:
pb_prep.c:254:80: warning: unused parameter ‘period’ [-Wunused-parameter]
  254 | #define FUNCTION(name) static void name(struct __comp_state *__comp_inst, long period)
      |                                                                           ~~~~~^~~~~~
/tmp/pb_prep.comp:38:1: note: in expansion of macro ‘FUNCTION’
   38 | FUNCTION(finish) {
      | ^~~~~~~~
make: *** [/home/runner/work/_temp/linuxcnc-pb-prep-001/src/Makefile.modinc:117: pb_prep.o] Error 1
