{
  "contract": "F02-001",
  "course_level": 2000,
  "pinned_linuxcnc": "8bf4605ae81042248add031e94c77300406e0413",
  "rows": 19,
  "retention": {
    "strict_monotonic_complete_seq": true,
    "rows": 19,
    "required_columns_present": true
  },
  "gates": {
    "A": true,
    "B": true,
    "C": true,
    "D": true,
    "E": true,
    "F": true,
    "G": true,
    "H": true,
    "I": true,
    "J": true
  },
  "prediction_match": true,
  "boundary": "deterministic ordinary-control policy only; not physical, network, machine-commissioning, or functional-safety evidence"
}
F02-001 PASS: compound-fault policy contract only; no physical-machine or functional-safety claim.
