pb_prep.c:53:5: warning: ‘hal_float_t’ is deprecated: Use getter/setter API [-Wdeprecated-declarations]
   53 |     hal_float_t *r1_p;
      |     ^~~~~~~~~~~
pb_prep.c:54:5: warning: ‘hal_float_t’ is deprecated: Use getter/setter API [-Wdeprecated-declarations]
   54 |     hal_float_t *r2_p;
      |     ^~~~~~~~~~~
pb_prep.c:55:5: warning: ‘hal_float_t’ is deprecated: Use getter/setter API [-Wdeprecated-declarations]
   55 |     hal_float_t *pid1_out_p;
      |     ^~~~~~~~~~~
pb_prep.c:56:5: warning: ‘hal_float_t’ is deprecated: Use getter/setter API [-Wdeprecated-declarations]
   56 |     hal_float_t *pid2_out_p;
      |     ^~~~~~~~~~~
pb_prep.c:57:5: warning: ‘hal_float_t’ is deprecated: Use getter/setter API [-Wdeprecated-declarations]
   57 |     hal_float_t *pid1_ref_p;
      |     ^~~~~~~~~~~
pb_prep.c:58:5: warning: ‘hal_float_t’ is deprecated: Use getter/setter API [-Wdeprecated-declarations]
   58 |     hal_float_t *pid2_ref_p;
      |     ^~~~~~~~~~~
pb_prep.c:59:5: warning: ‘hal_float_t’ is deprecated: Use getter/setter API [-Wdeprecated-declarations]
   59 |     hal_float_t *y1_p;
      |     ^~~~~~~~~~~
pb_prep.c:60:5: warning: ‘hal_float_t’ is deprecated: Use getter/setter API [-Wdeprecated-declarations]
   60 |     hal_float_t *y2_p;
      |     ^~~~~~~~~~~
pb_prep.c:61:5: warning: ‘hal_float_t’ is deprecated: Use getter/setter API [-Wdeprecated-declarations]
   61 |     hal_float_t *e_diff_used_p;
      |     ^~~~~~~~~~~
pb_prep.c:62:5: warning: ‘hal_float_t’ is deprecated: Use getter/setter API [-Wdeprecated-declarations]
   62 |     hal_float_t *corr_req_p;
      |     ^~~~~~~~~~~
pb_prep.c:63:5: warning: ‘hal_float_t’ is deprecated: Use getter/setter API [-Wdeprecated-declarations]
   63 |     hal_float_t *corr_applied_p;
      |     ^~~~~~~~~~~
pb_prep.c:64:5: warning: ‘hal_float_t’ is deprecated: Use getter/setter API [-Wdeprecated-declarations]
   64 |     hal_float_t *prelimit1_p;
      |     ^~~~~~~~~~~
pb_prep.c:65:5: warning: ‘hal_float_t’ is deprecated: Use getter/setter API [-Wdeprecated-declarations]
   65 |     hal_float_t *prelimit2_p;
      |     ^~~~~~~~~~~
pb_prep.c:66:5: warning: ‘hal_float_t’ is deprecated: Use getter/setter API [-Wdeprecated-declarations]
   66 |     hal_float_t *final1_p;
      |     ^~~~~~~~~~~
pb_prep.c:67:5: warning: ‘hal_float_t’ is deprecated: Use getter/setter API [-Wdeprecated-declarations]
   67 |     hal_float_t *final2_p;
      |     ^~~~~~~~~~~
pb_prep.c:68:5: warning: ‘hal_bit_t’ is deprecated: Use getter/setter API [-Wdeprecated-declarations]
   68 |     hal_bit_t *final1_sat_p;
      |     ^~~~~~~~~
pb_prep.c:69:5: warning: ‘hal_bit_t’ is deprecated: Use getter/setter API [-Wdeprecated-declarations]
   69 |     hal_bit_t *final2_sat_p;
      |     ^~~~~~~~~
pb_prep.c:70:5: warning: ‘hal_float_t’ is deprecated: Use getter/setter API [-Wdeprecated-declarations]
   70 |     hal_float_t *plant_gain2_p;
      |     ^~~~~~~~~~~
pb_prep.c:71:5: warning: ‘hal_float_t’ is deprecated: Use getter/setter API [-Wdeprecated-declarations]
   71 |     hal_float_t *plant_alpha2_p;
      |     ^~~~~~~~~~~
pb_prep.c:72:5: warning: ‘hal_bit_t’ is deprecated: Use getter/setter API [-Wdeprecated-declarations]
   72 |     hal_bit_t *run_witness_p;
      |     ^~~~~~~~~
pb_prep.c:73:5: warning: ‘hal_s32_t’ is deprecated: Use getter/setter API [-Wdeprecated-declarations]
   73 |     hal_s32_t *cycle_p;
      |     ^~~~~~~~~
pb_prep.c:74:5: warning: ‘hal_s32_t’ is deprecated: Use getter/setter API [-Wdeprecated-declarations]
   74 |     hal_s32_t *phase_p;
      |     ^~~~~~~~~
pb_prep.c:75:5: warning: ‘hal_u32_t’ is deprecated: Use getter/setter API [-Wdeprecated-declarations]
   75 |     hal_u32_t architecture_p;
      |     ^~~~~~~~~
pb_prep.c:76:5: warning: ‘hal_u32_t’ is deprecated: Use getter/setter API [-Wdeprecated-declarations]
   76 |     hal_u32_t phase_cmd_p;
      |     ^~~~~~~~~
pb_prep.c:77:5: warning: ‘hal_bit_t’ is deprecated: Use getter/setter API [-Wdeprecated-declarations]
   77 |     hal_bit_t run_p;
      |     ^~~~~~~~~
pb_prep.c:78:5: warning: ‘hal_float_t’ is deprecated: Use getter/setter API [-Wdeprecated-declarations]
   78 |     hal_float_t sync_gain_p;
      |     ^~~~~~~~~~~
pb_prep.c:79:5: warning: ‘hal_float_t’ is deprecated: Use getter/setter API [-Wdeprecated-declarations]
   79 |     hal_float_t diff_max_p;
      |     ^~~~~~~~~~~
pb_prep.c:80:5: warning: ‘hal_float_t’ is deprecated: Use getter/setter API [-Wdeprecated-declarations]
   80 |     hal_float_t u_max_p;
      |     ^~~~~~~~~~~
pb_prep.c:81:5: warning: ‘hal_float_t’ is deprecated: Use getter/setter API [-Wdeprecated-declarations]
   81 |     hal_float_t c_pgain_p;
      |     ^~~~~~~~~~~
pb_prep.c: In function ‘export’:
pb_prep.c:104:5: warning: ‘hal_pin_float_newf’ is deprecated: Use hal_pin_new_real() [-Wdeprecated-declarations]
  104 |     r = hal_pin_float_newf(HAL_IN, &(inst->r1_p), comp_id,
      |     ^
In file included from pb_prep.c:9:
/home/runner/work/_temp/linuxcnc-pb-prep-001-p2p7/include/hal.h:693:12: note: declared here
  693 | extern int hal_pin_float_newf(hal_pin_dir_t dir,
      |            ^~~~~~~~~~~~~~~~~~
pb_prep.c:107:5: warning: ‘hal_pin_float_newf’ is deprecated: Use hal_pin_new_real() [-Wdeprecated-declarations]
  107 |     r = hal_pin_float_newf(HAL_IN, &(inst->r2_p), comp_id,
      |     ^
/home/runner/work/_temp/linuxcnc-pb-prep-001-p2p7/include/hal.h:693:12: note: declared here
  693 | extern int hal_pin_float_newf(hal_pin_dir_t dir,
      |            ^~~~~~~~~~~~~~~~~~
pb_prep.c:110:5: warning: ‘hal_pin_float_newf’ is deprecated: Use hal_pin_new_real() [-Wdeprecated-declarations]
  110 |     r = hal_pin_float_newf(HAL_IN, &(inst->pid1_out_p), comp_id,
      |     ^
/home/runner/work/_temp/linuxcnc-pb-prep-001-p2p7/include/hal.h:693:12: note: declared here
  693 | extern int hal_pin_float_newf(hal_pin_dir_t dir,
      |            ^~~~~~~~~~~~~~~~~~
pb_prep.c:113:5: warning: ‘hal_pin_float_newf’ is deprecated: Use hal_pin_new_real() [-Wdeprecated-declarations]
  113 |     r = hal_pin_float_newf(HAL_IN, &(inst->pid2_out_p), comp_id,
      |     ^
/home/runner/work/_temp/linuxcnc-pb-prep-001-p2p7/include/hal.h:693:12: note: declared here
  693 | extern int hal_pin_float_newf(hal_pin_dir_t dir,
      |            ^~~~~~~~~~~~~~~~~~
pb_prep.c:116:5: warning: ‘hal_pin_float_newf’ is deprecated: Use hal_pin_new_real() [-Wdeprecated-declarations]
  116 |     r = hal_pin_float_newf(HAL_OUT, &(inst->pid1_ref_p), comp_id,
      |     ^
/home/runner/work/_temp/linuxcnc-pb-prep-001-p2p7/include/hal.h:693:12: note: declared here
  693 | extern int hal_pin_float_newf(hal_pin_dir_t dir,
      |            ^~~~~~~~~~~~~~~~~~
pb_prep.c:119:5: warning: ‘hal_pin_float_newf’ is deprecated: Use hal_pin_new_real() [-Wdeprecated-declarations]
  119 |     r = hal_pin_float_newf(HAL_OUT, &(inst->pid2_ref_p), comp_id,
      |     ^
/home/runner/work/_temp/linuxcnc-pb-prep-001-p2p7/include/hal.h:693:12: note: declared here
  693 | extern int hal_pin_float_newf(hal_pin_dir_t dir,
      |            ^~~~~~~~~~~~~~~~~~
pb_prep.c:122:5: warning: ‘hal_pin_float_newf’ is deprecated: Use hal_pin_new_real() [-Wdeprecated-declarations]
  122 |     r = hal_pin_float_newf(HAL_OUT, &(inst->y1_p), comp_id,
      |     ^
/home/runner/work/_temp/linuxcnc-pb-prep-001-p2p7/include/hal.h:693:12: note: declared here
  693 | extern int hal_pin_float_newf(hal_pin_dir_t dir,
      |            ^~~~~~~~~~~~~~~~~~
pb_prep.c:125:5: warning: ‘hal_pin_float_newf’ is deprecated: Use hal_pin_new_real() [-Wdeprecated-declarations]
  125 |     r = hal_pin_float_newf(HAL_OUT, &(inst->y2_p), comp_id,
      |     ^
/home/runner/work/_temp/linuxcnc-pb-prep-001-p2p7/include/hal.h:693:12: note: declared here
  693 | extern int hal_pin_float_newf(hal_pin_dir_t dir,
      |            ^~~~~~~~~~~~~~~~~~
pb_prep.c:128:5: warning: ‘hal_pin_float_newf’ is deprecated: Use hal_pin_new_real() [-Wdeprecated-declarations]
  128 |     r = hal_pin_float_newf(HAL_OUT, &(inst->e_diff_used_p), comp_id,
      |     ^
/home/runner/work/_temp/linuxcnc-pb-prep-001-p2p7/include/hal.h:693:12: note: declared here
  693 | extern int hal_pin_float_newf(hal_pin_dir_t dir,
      |            ^~~~~~~~~~~~~~~~~~
pb_prep.c:131:5: warning: ‘hal_pin_float_newf’ is deprecated: Use hal_pin_new_real() [-Wdeprecated-declarations]
  131 |     r = hal_pin_float_newf(HAL_OUT, &(inst->corr_req_p), comp_id,
      |     ^
/home/runner/work/_temp/linuxcnc-pb-prep-001-p2p7/include/hal.h:693:12: note: declared here
  693 | extern int hal_pin_float_newf(hal_pin_dir_t dir,
      |            ^~~~~~~~~~~~~~~~~~
pb_prep.c:134:5: warning: ‘hal_pin_float_newf’ is deprecated: Use hal_pin_new_real() [-Wdeprecated-declarations]
  134 |     r = hal_pin_float_newf(HAL_OUT, &(inst->corr_applied_p), comp_id,
      |     ^
/home/runner/work/_temp/linuxcnc-pb-prep-001-p2p7/include/hal.h:693:12: note: declared here
  693 | extern int hal_pin_float_newf(hal_pin_dir_t dir,
      |            ^~~~~~~~~~~~~~~~~~
pb_prep.c:137:5: warning: ‘hal_pin_float_newf’ is deprecated: Use hal_pin_new_real() [-Wdeprecated-declarations]
  137 |     r = hal_pin_float_newf(HAL_OUT, &(inst->prelimit1_p), comp_id,
      |     ^
/home/runner/work/_temp/linuxcnc-pb-prep-001-p2p7/include/hal.h:693:12: note: declared here
  693 | extern int hal_pin_float_newf(hal_pin_dir_t dir,
      |            ^~~~~~~~~~~~~~~~~~
pb_prep.c:140:5: warning: ‘hal_pin_float_newf’ is deprecated: Use hal_pin_new_real() [-Wdeprecated-declarations]
  140 |     r = hal_pin_float_newf(HAL_OUT, &(inst->prelimit2_p), comp_id,
      |     ^
/home/runner/work/_temp/linuxcnc-pb-prep-001-p2p7/include/hal.h:693:12: note: declared here
  693 | extern int hal_pin_float_newf(hal_pin_dir_t dir,
      |            ^~~~~~~~~~~~~~~~~~
pb_prep.c:143:5: warning: ‘hal_pin_float_newf’ is deprecated: Use hal_pin_new_real() [-Wdeprecated-declarations]
  143 |     r = hal_pin_float_newf(HAL_OUT, &(inst->final1_p), comp_id,
      |     ^
/home/runner/work/_temp/linuxcnc-pb-prep-001-p2p7/include/hal.h:693:12: note: declared here
  693 | extern int hal_pin_float_newf(hal_pin_dir_t dir,
      |            ^~~~~~~~~~~~~~~~~~
pb_prep.c:146:5: warning: ‘hal_pin_float_newf’ is deprecated: Use hal_pin_new_real() [-Wdeprecated-declarations]
  146 |     r = hal_pin_float_newf(HAL_OUT, &(inst->final2_p), comp_id,
      |     ^
/home/runner/work/_temp/linuxcnc-pb-prep-001-p2p7/include/hal.h:693:12: note: declared here
  693 | extern int hal_pin_float_newf(hal_pin_dir_t dir,
      |            ^~~~~~~~~~~~~~~~~~
pb_prep.c:149:5: warning: ‘hal_pin_bit_newf’ is deprecated: Use hal_pin_new_bool() [-Wdeprecated-declarations]
  149 |     r = hal_pin_bit_newf(HAL_OUT, &(inst->final1_sat_p), comp_id,
      |     ^
/home/runner/work/_temp/linuxcnc-pb-prep-001-p2p7/include/hal.h:690:12: note: declared here
  690 | extern int hal_pin_bit_newf(hal_pin_dir_t dir,
      |            ^~~~~~~~~~~~~~~~
pb_prep.c:152:5: warning: ‘hal_pin_bit_newf’ is deprecated: Use hal_pin_new_bool() [-Wdeprecated-declarations]
  152 |     r = hal_pin_bit_newf(HAL_OUT, &(inst->final2_sat_p), comp_id,
      |     ^
/home/runner/work/_temp/linuxcnc-pb-prep-001-p2p7/include/hal.h:690:12: note: declared here
  690 | extern int hal_pin_bit_newf(hal_pin_dir_t dir,
      |            ^~~~~~~~~~~~~~~~
pb_prep.c:155:5: warning: ‘hal_pin_float_newf’ is deprecated: Use hal_pin_new_real() [-Wdeprecated-declarations]
  155 |     r = hal_pin_float_newf(HAL_OUT, &(inst->plant_gain2_p), comp_id,
      |     ^
/home/runner/work/_temp/linuxcnc-pb-prep-001-p2p7/include/hal.h:693:12: note: declared here
  693 | extern int hal_pin_float_newf(hal_pin_dir_t dir,
      |            ^~~~~~~~~~~~~~~~~~
pb_prep.c:158:5: warning: ‘hal_pin_float_newf’ is deprecated: Use hal_pin_new_real() [-Wdeprecated-declarations]
  158 |     r = hal_pin_float_newf(HAL_OUT, &(inst->plant_alpha2_p), comp_id,
      |     ^
/home/runner/work/_temp/linuxcnc-pb-prep-001-p2p7/include/hal.h:693:12: note: declared here
  693 | extern int hal_pin_float_newf(hal_pin_dir_t dir,
      |            ^~~~~~~~~~~~~~~~~~
pb_prep.c:161:5: warning: ‘hal_pin_bit_newf’ is deprecated: Use hal_pin_new_bool() [-Wdeprecated-declarations]
  161 |     r = hal_pin_bit_newf(HAL_OUT, &(inst->run_witness_p), comp_id,
      |     ^
/home/runner/work/_temp/linuxcnc-pb-prep-001-p2p7/include/hal.h:690:12: note: declared here
  690 | extern int hal_pin_bit_newf(hal_pin_dir_t dir,
      |            ^~~~~~~~~~~~~~~~
pb_prep.c:164:5: warning: ‘hal_pin_s32_newf’ is deprecated: Use hal_pin_new_si32() [-Wdeprecated-declarations]
  164 |     r = hal_pin_s32_newf(HAL_OUT, &(inst->cycle_p), comp_id,
      |     ^
/home/runner/work/_temp/linuxcnc-pb-prep-001-p2p7/include/hal.h:699:12: note: declared here
  699 | extern int hal_pin_s32_newf(hal_pin_dir_t dir,
      |            ^~~~~~~~~~~~~~~~
pb_prep.c:167:5: warning: ‘hal_pin_s32_newf’ is deprecated: Use hal_pin_new_si32() [-Wdeprecated-declarations]
  167 |     r = hal_pin_s32_newf(HAL_OUT, &(inst->phase_p), comp_id,
      |     ^
/home/runner/work/_temp/linuxcnc-pb-prep-001-p2p7/include/hal.h:699:12: note: declared here
  699 | extern int hal_pin_s32_newf(hal_pin_dir_t dir,
      |            ^~~~~~~~~~~~~~~~
pb_prep.c:170:5: warning: ‘hal_param_u32_newf’ is deprecated: Use hal_param_new_ui32() [-Wdeprecated-declarations]
  170 |     r = hal_param_u32_newf(HAL_RW, &(inst->architecture_p), comp_id,
      |     ^
/home/runner/work/_temp/linuxcnc-pb-prep-001-p2p7/include/hal.h:855:12: note: declared here
  855 | extern int hal_param_u32_newf(hal_param_dir_t dir,
      |            ^~~~~~~~~~~~~~~~~~
pb_prep.c:174:5: warning: ‘hal_param_u32_newf’ is deprecated: Use hal_param_new_ui32() [-Wdeprecated-declarations]
  174 |     r = hal_param_u32_newf(HAL_RW, &(inst->phase_cmd_p), comp_id,
      |     ^
/home/runner/work/_temp/linuxcnc-pb-prep-001-p2p7/include/hal.h:855:12: note: declared here
  855 | extern int hal_param_u32_newf(hal_param_dir_t dir,
      |            ^~~~~~~~~~~~~~~~~~
pb_prep.c:178:5: warning: ‘hal_param_bit_newf’ is deprecated: Use hal_param_new_bool() [-Wdeprecated-declarations]
  178 |     r = hal_param_bit_newf(HAL_RW, &(inst->run_p), comp_id,
      |     ^
/home/runner/work/_temp/linuxcnc-pb-prep-001-p2p7/include/hal.h:849:12: note: declared here
  849 | extern int hal_param_bit_newf(hal_param_dir_t dir,
      |            ^~~~~~~~~~~~~~~~~~
pb_prep.c:182:5: warning: ‘hal_param_float_newf’ is deprecated: Use hal_param_new_real() [-Wdeprecated-declarations]
  182 |     r = hal_param_float_newf(HAL_RW, &(inst->sync_gain_p), comp_id,
      |     ^
/home/runner/work/_temp/linuxcnc-pb-prep-001-p2p7/include/hal.h:852:12: note: declared here
  852 | extern int hal_param_float_newf(hal_param_dir_t dir,
      |            ^~~~~~~~~~~~~~~~~~~~
pb_prep.c:186:5: warning: ‘hal_param_float_newf’ is deprecated: Use hal_param_new_real() [-Wdeprecated-declarations]
  186 |     r = hal_param_float_newf(HAL_RW, &(inst->diff_max_p), comp_id,
      |     ^
/home/runner/work/_temp/linuxcnc-pb-prep-001-p2p7/include/hal.h:852:12: note: declared here
  852 | extern int hal_param_float_newf(hal_param_dir_t dir,
      |            ^~~~~~~~~~~~~~~~~~~~
pb_prep.c:190:5: warning: ‘hal_param_float_newf’ is deprecated: Use hal_param_new_real() [-Wdeprecated-declarations]
  190 |     r = hal_param_float_newf(HAL_RW, &(inst->u_max_p), comp_id,
      |     ^
/home/runner/work/_temp/linuxcnc-pb-prep-001-p2p7/include/hal.h:852:12: note: declared here
  852 | extern int hal_param_float_newf(hal_param_dir_t dir,
      |            ^~~~~~~~~~~~~~~~~~~~
pb_prep.c:194:5: warning: ‘hal_param_float_newf’ is deprecated: Use hal_param_new_real() [-Wdeprecated-declarations]
  194 |     r = hal_param_float_newf(HAL_RW, &(inst->c_pgain_p), comp_id,
      |     ^
/home/runner/work/_temp/linuxcnc-pb-prep-001-p2p7/include/hal.h:852:12: note: declared here
  852 | extern int hal_param_float_newf(hal_param_dir_t dir,
      |            ^~~~~~~~~~~~~~~~~~~~
/tmp/pb_prep.comp: In function ‘prepare’:
pb_prep.c:266:80: warning: unused parameter ‘period’ [-Wunused-parameter]
  266 | #define FUNCTION(name) static void name(struct __comp_state *__comp_inst, long period)
      |                                                                           ~~~~~^~~~~~
/tmp/pb_prep.comp:29:1: note: in expansion of macro ‘FUNCTION’
   29 | FUNCTION(prepare) {
      | ^~~~~~~~
/tmp/pb_prep.comp: In function ‘finish’:
pb_prep.c:266:80: warning: unused parameter ‘period’ [-Wunused-parameter]
  266 | #define FUNCTION(name) static void name(struct __comp_state *__comp_inst, long period)
      |                                                                           ~~~~~^~~~~~
/tmp/pb_prep.comp:50:1: note: in expansion of macro ‘FUNCTION’
   50 | FUNCTION(finish) {
      | ^~~~~~~~
