== LinuxCNC lab smoke test ==
UTC: 2026-09-12T02:11:57Z

== Runner environment ==
Linux runnervmlun5p 6.17.0-1022-azure #22-Ubuntu SMP Mon Jul 27 17:24:03 UTC 2026 x86_64 x86_64 x86_64 GNU/Linux
OS: Ubuntu 24.04
Git: git version 2.55.0
Python: Python 3.12.3
CPU count: 4
Memory:
               total        used        free      shared  buff/cache   available
Mem:            15Gi       1.0Gi        12Gi        44Mi       2.5Gi        14Gi
Swap:          3.0Gi          0B       3.0Gi
Disk:
Filesystem      Size  Used Avail Use% Mounted on
/dev/root       145G   59G   86G  41% /

== Upstream LinuxCNC source access ==
Repository: https://github.com/LinuxCNC/linuxcnc
Branch: master
Commit: 9138e20e58da5cf16e50ef603f19dada87b99ba8
Commit date: 2026-09-10T19:57:02-04:00
VERSION file: 2.10.0~pre1

== Source landmarks ==
FOUND src
FOUND docs
FOUND tests
FOUND scripts
FOUND configs

Smoke test completed successfully.
