C06-030 fixture construction preflight
Pinned checkout: 8bf4605ae81042248add031e94c77300406e0413
86774806cc2228f74f6522a0ef72d366a916b0914799a8ecacd60d8977eddf5d  src/hal/drivers/mesa-hostmot2/hm2_test.c
72da592f304fcdfb1261b441f4f906a9cc4c9a1cf8b5c9b9d54e255202911c0f  src/hal/drivers/mesa-hostmot2/hostmot2.c
3d6c8bf13ab7374a87af0027bd8cf1d48ca77ffca95fdecd75eebb824bfb1115  src/hal/drivers/mesa-hostmot2/tram.c
de17b6ec766831dd84391d9fcf1ec0765ed2dd47762562be027f5a2a709f9660  src/hal/drivers/mesa-hostmot2/watchdog.c
fcdc6ce2a55d5d284cbba9a0ceb9a409583c8b584403f945d341dfce46f53660  src/hal/drivers/mesa-hostmot2/hostmot2-lowlevel.h
--- hm2_test available patterns ---
134:        case 0: {
143:        case 1: {
154:        case 2: {
173:        case 3: {
200:        case 4: {
222:        case 5: {
248:        case 6: {
274:        case 7: {
306:        case 8: {
337:        case 9: {
369:        case 10: {
404:        case 11: {
458:        case 12: {
511:        case 13: {
540:        case 14: {
--- existing watchdog descriptors in hm2_test ---
EXISTING_WATCHDOG_DESCRIPTOR=no
--- module descriptor decode ---
780-            HM2_ERR("error reading Module Descriptor %d (at 0x%04x)\n", hm2->num_mds, addr);
781-            return -EIO;
782-        }
783-
784:        md->gtag = d[0] & 0x000000FF;
785-        if (md->gtag == 0) {
786-            // done
787-            return 0;
788-        }
789-
790-        md->version   = (d[0] >>  8) & 0x000000FF;
791-        md->clock_tag = (d[0] >> 16) & 0x000000FF;
792-        md->instances = (d[0] >> 24) & 0x000000FF;
793-
794-        if (md->clock_tag == 1) {
795-            md->clock_freq = hm2->idrom.clock_low;
796-        } else if (md->clock_tag == 2) {
797-            md->clock_freq = hm2->idrom.clock_high;
798-        } else {
799-            HM2_ERR("Module Descriptor %d (at 0x%04x) has invalid ClockTag %d\n", hm2->num_mds, addr, md->clock_tag);
800-            return -EINVAL;
801-        }
802-
803-        md->base_address = (d[1] >> 00) & 0x0000FFFF;
804-        md->num_registers = (d[1] >> 16) & 0x000000FF;
805-
806-        md->register_stride = (d[1] >> 24) & 0x0000000F;
807-        if (md->register_stride == 0) {
808-            md->register_stride = hm2->idrom.register_stride_0;
--- watchdog parser consistency contract ---
47-    if (hm2->watchdog.status_reg[0] & 0x1) {
48-        HM2_ERR("Watchdog has bit! (set the .has-bit pin to False to resume)\n");
49-        hal_set_bool(hm2->watchdog.instance[0].hal.pin.has_bit, 1);
50-        hm2->llio->needs_reset = 1;
51-    }
52-}
53-
54-
55:int hm2_watchdog_parse_md(hostmot2_t *hm2, int md_index) {
56-    hm2_module_descriptor_t *md = &hm2->md[md_index];
57-    int r;
58-
59-
60-    // 
61-    // some standard sanity checks
62-    //
63-
64-    if (!hm2_md_is_consistent_or_complain(hm2, md_index, 0, 3, 4, 0)) {
65-        HM2_ERR("inconsistent Module Descriptor!\n");
66-        return -EINVAL;
67-    }
68-
69-    if (hm2->watchdog.num_instances != 0) {
70-        HM2_ERR(
71-            "found duplicate Module Descriptor for %s (inconsistent firmware), not loading driver\n",
72-            hm2_get_general_function_name(md->gtag)
73-        );
74-        return -EINVAL;
75-    }
76-
77-
78-    // 
79-    // special sanity checks for watchdog
80-    //
81-
82-    if (md->instances != 1) {
83-        HM2_PRINT("MD declares %d watchdogs!  only using the first one...\n", md->instances);
84-    }
85-
86-
87-    // 
88-    // looks good, start initializing
89-    // 
90-
--- watchdog gtag constant ---
94:#define HM2_GTAG_WATCHDOG          (2)
--- final hm2_test pattern construction ---
        case 14: {
            set32(me, HM2_ADDR_IOCOOKIE, HM2_IOCOOKIE);
            set8(me, HM2_ADDR_CONFIGNAME+0, 'H');
            set8(me, HM2_ADDR_CONFIGNAME+1, 'O');
            set8(me, HM2_ADDR_CONFIGNAME+2, 'S');
            set8(me, HM2_ADDR_CONFIGNAME+3, 'T');
            set8(me, HM2_ADDR_CONFIGNAME+4, 'M');
            set8(me, HM2_ADDR_CONFIGNAME+5, 'O');
            set8(me, HM2_ADDR_CONFIGNAME+6, 'T');
            set8(me, HM2_ADDR_CONFIGNAME+7, '2');
            set32(me, HM2_ADDR_IDROM_OFFSET, 0x400); // put the IDROM at 0x400, where it usually lives
            set32(me, 0x400, 2); // standard idrom type

            // good but unusual PortWidth
            set32(me, 0x424, 37);
            me->llio.pins_per_connector = 37;

            break;
        }

--- candidate descriptor packing fields ---
md->gtag = d[0] & 0x000000FF;
        if (md->gtag == 0) {
            // done
            return 0;
        }

        md->version   = (d[0] >>  8) & 0x000000FF;
        md->clock_tag = (d[0] >> 16) & 0x000000FF;
        md->instances = (d[0] >> 24) & 0x000000FF;

        if (md->clock_tag == 1) {
            md->clock_freq = hm2->idrom.clock_low;
        } else if (md->clock_tag == 2) {
            md->clock_freq = hm2->idrom.clock_high;
        } else {
            HM2_ERR("Module Descriptor %d (at 0x%04x) has invalid ClockTag %d\n", hm2->num_mds, addr, md->clock_tag);
            return -EINVAL;
        }

        md->base_address = (d[1] >> 00) & 0x0000FFFF;
        md->num_registers = (d[1] >> 16) & 0x000000FF;

        md->register_stride = (d[1] >> 24) & 0x0000000F;
        if (md->register_stride == 0) {
            md->register_stride = hm2->idrom.register_stride_0;
        } else if (md->register_stride == 1) {
            md->register_stride = hm2->idrom.register_stride_1;
        } else {
            HM2_ERR("Module Descriptor %d (at 0x%04x) has invalid RegisterStride %d\n", hm2->num_mds, addr, md->register_stride);
            return -EINVAL;
        }

        md->instance_stride = (d[1] >> 28) & 0x0000000F;
        if (md->instance_stride == 0) {
            md->instance_stride = hm2->idrom.instance_stride_0;
        } else if (md->instance_stride == 1) {
            md->instance_stride = hm2->idrom.instance_stride_1;
        } else {
            HM2_ERR("Module Descriptor %d (at 0x%04x) has invalid InstanceStride %d\n", hm2->num_mds, addr, md->instance_stride);
            return -EINVAL;
        }

        md->multiple_registers = d[2];

        if (debug_module_descriptors) {
            HM2_PRINT("Module Descriptor %d at 0x%04X:\n", hm2->num_mds, add
PREFLIGHT_PASS: exact pinned fixture/parser evidence retained in workflow output
