== LinuxCNC lab smoke test ==
UTC: 2026-09-05T02:54:40Z

== Runner environment ==
Linux runnervmejwal 6.17.0-1022-azure #22-Ubuntu SMP Mon Jul 27 17:24:03 UTC 2026 x86_64 x86_64 x86_64 GNU/Linux
OS: Ubuntu 24.04
Git: git version 2.55.0
Python: Python 3.12.3
CPU count: 4
Memory:
               total        used        free      shared  buff/cache   available
Mem:            15Gi       969Mi        12Gi        40Mi       2.4Gi        14Gi
Swap:          3.0Gi          0B       3.0Gi
Disk:
Filesystem      Size  Used Avail Use% Mounted on
/dev/root       145G   59G   87G  41% /

== Upstream LinuxCNC source access ==
Repository: https://github.com/LinuxCNC/linuxcnc
Branch: master
Commit: 8bf4605ae81042248add031e94c77300406e0413
Commit date: 2026-09-04T20:23:04-04:00
VERSION file: 2.10.0~pre1

== Source landmarks ==
FOUND src
FOUND docs
FOUND tests
FOUND scripts
FOUND configs

Smoke test completed successfully.
